// Jest Snapshot v1, https://goo.gl/fbAQLP

exports[`should render AddCapsule correctly 1`] = `ShallowWrapper {}`;
