// Jest Snapshot v1, https://goo.gl/fbAQLP

exports[`should render CapsulesPage correctly 1`] = `ShallowWrapper {}`;
