// Jest Snapshot v1, https://goo.gl/fbAQLP

exports[`should render IndividualCapsule correctly 1`] = `ShallowWrapper {}`;
