// Jest Snapshot v1, https://goo.gl/fbAQLP

exports[`should render RegistrationForm correctly 1`] = `ShallowWrapper {}`;
